src/components/CTASection.tsx(2,43): error TS6133: 'useSpring' is declared but its value is never read.
